// Jest Snapshot v1, https://goo.gl/fbAQLP

exports[`InstantHomeLandingPageView rendering specification InstantLandingPageView is rendered 1`] = `
<div
  className="App"
>
  <header
    className="App-header"
  >
    <div
      className="App-break"
    />
    <img
      alt="logo"
      className="App-logo"
      src={Object {}}
    />
    <div
      className="App-break"
    />
    <img
      alt="logo-title"
      src={Object {}}
    />
    <button
      variant="outlined"
    >
      Register
    </button>
    <button
      variant="outlined"
    >
      Log-in
    </button>
    <input
      name="avatar"
      type="file"
    />
    <button
      type="button"
    >
       Upload
    </button>
    <div
      className="App-break"
    />
    <a
      href="/about"
      onClick={[Function]}
    >
      <button
        variant="outlined"
      >
        About
      </button>
    </a>
  </header>
</div>
`;
