// Jest Snapshot v1, https://goo.gl/fbAQLP

exports[`FormLogin rendering specification FormLogin is rendered 1`] = `
<form
  id="form"
  noValidate={true}
  onSubmit={[Function]}
>
  <div
    id="errorMsg"
  >
    
  </div>
  <div
    className="demo-form-group "
  >
    <label
      className="demo-label"
      htmlFor="formiz-field-id-dwpgdl31r"
    >
      E-mail: 
    </label>
    <input
      aria-describedby={null}
      aria-invalid={false}
      aria-required={false}
      className="demo-input"
      id="formiz-field-id-dwpgdl31r"
      onBlur={[Function]}
      onChange={[Function]}
      type="text"
      value=""
    />
  </div>
  <div
    className="demo-form-group "
  >
    <label
      className="demo-label"
      htmlFor="formiz-field-id-35hrbhm8b"
    >
      Password: 
    </label>
    <input
      aria-describedby={null}
      aria-invalid={false}
      aria-required={false}
      className="demo-input"
      id="formiz-field-id-35hrbhm8b"
      onBlur={[Function]}
      onChange={[Function]}
      type="password"
      value=""
    />
  </div>
  <button
    className="formBtn"
    disabled={false}
    id="submit"
    type="submit"
  >
    Submit
  </button>
</form>
`;
