// Jest Snapshot v1, https://goo.gl/fbAQLP

exports[`AuthSuccessView rendering specification AuthSuccessView is rendered 1`] = `
<div
  className="App"
>
  <header
    className="App-header"
  >
    <h3>
       Logged-in as 
      0
    </h3>
    <div>
      <header>
        <input
          name="avatar"
          onChange={[Function]}
          type="file"
        />
        <button
          onClick={[Function]}
          type="button"
        >
           Upload 
        </button>
        <div />
        <div />
        <div
          className="previewText image-container"
        >
          Select a jpg image (max filesize 1 MB) to add a banana
        </div>
      </header>
    </div>
    <a
      href="/auth/personalBananas"
      onClick={[Function]}
    >
      <button
        variant="outlined"
      >
        Personal bananas
      </button>
    </a>
    <button
      variant="outlined"
    >
      Logout
    </button>
  </header>
</div>
`;
