// Jest Snapshot v1, https://goo.gl/fbAQLP

exports[`AuthPersonalBananasView rendering specification AuthPersonalBananasView is rendered 1`] = `
<div
  className="App"
>
  <div
    className="galleryWrapper"
  >
    <div />
  </div>
  <div
    className="App-header"
  >
    <a
      href="/success"
      onClick={[Function]}
    >
      <button
        variant="outlined"
      >
        Back
      </button>
    </a>
  </div>
</div>
`;
